// Jest Snapshot v1, https://goo.gl/fbAQLP

exports[`SvgCanvas renders empty svgu 1`] = `<svg width="100%" height="100%"><g transform="translate(0,0)scale(1)"> </g></svg>`;

exports[`SvgCanvas renders svg with allItems = circle 1`] = `<svg width="100%" height="100%"><g transform="translate(0,0)scale(1)"><circle cx="50" cy="20" r="40" iid="0" class="item-normal"></circle> </g></svg>`;

exports[`SvgCanvas renders svg with allItems = selected circle 1`] = `<svg width="100%" height="100%"><g transform="translate(0,0)scale(1)"><circle cx="50" cy="20" r="40" iid="0" class="item-selected"></circle> </g></svg>`;

exports[`SvgCanvas update renders when allItems changes 1`] = `<svg width="100%" height="100%"><g transform="translate(0,0)scale(1)"><circle cx="50" cy="20" r="30" iid="0" class="item-normal"></circle> </g></svg>`;
